// Jest Snapshot v1, https://goo.gl/fbAQLP

exports[`<RangeSlider /> RangeSlider renders correctly 1`] = `
<div
  className="c-range-slider"
>
  <div
    className="label"
  >
    Set maze width:
  </div>
  <div
    className="range-slider"
  >
    <div
      aria-disabled={false}
      className="input-range"
      onKeyDown={[Function]}
      onKeyUp={[Function]}
      onMouseDown={[Function]}
      onTouchStart={[Function]}
    >
      <span
        className="input-range__label input-range__label--min"
      >
        <span
          className="input-range__label-container"
        >
          1
        </span>
      </span>
      <div
        className="input-range__track input-range__track--background"
        onMouseDown={[Function]}
        onTouchStart={[Function]}
      >
        <div
          className="input-range__track input-range__track--active"
          style={
            Object {
              "left": "0%",
              "width": "33.33333333333333%",
            }
          }
        />
        <span
          className="input-range__slider-container"
          style={
            Object {
              "left": "33.33333333333333%",
              "position": "absolute",
            }
          }
        >
          <span
            className="input-range__label input-range__label--value"
          >
            <span
              className="input-range__label-container"
            >
              4
            </span>
          </span>
          <div
            aria-valuemax={10}
            aria-valuemin={1}
            aria-valuenow={4}
            className="input-range__slider"
            draggable="false"
            onKeyDown={[Function]}
            onMouseDown={[Function]}
            onTouchStart={[Function]}
            role="slider"
            tabIndex="0"
          />
        </span>
      </div>
      <span
        className="input-range__label input-range__label--max"
      >
        <span
          className="input-range__label-container"
        >
          10
        </span>
      </span>
    </div>
  </div>
</div>
`;
